#! /opt/homebrew/Cellar/icarus-verilog/12.0/bin/vvp
:ivl_version "12.0 (stable)";
:ivl_delay_selection "TYPICAL";
:vpi_time_precision - 12;
:vpi_module "/opt/homebrew/Cellar/icarus-verilog/12.0/lib/ivl/system.vpi";
:vpi_module "/opt/homebrew/Cellar/icarus-verilog/12.0/lib/ivl/vhdl_sys.vpi";
:vpi_module "/opt/homebrew/Cellar/icarus-verilog/12.0/lib/ivl/vhdl_textio.vpi";
:vpi_module "/opt/homebrew/Cellar/icarus-verilog/12.0/lib/ivl/v2005_math.vpi";
:vpi_module "/opt/homebrew/Cellar/icarus-verilog/12.0/lib/ivl/va_math.vpi";
:vpi_module "/opt/homebrew/Cellar/icarus-verilog/12.0/lib/ivl/v2009.vpi";
S_0x104d419a0 .scope package, "$unit" "$unit" 2 1;
 .timescale 0 0;
S_0x104d41b20 .scope module, "cache_controller_tb" "cache_controller_tb" 3 3;
 .timescale -9 -12;
P_0xc84c40100 .param/l "TAG_COMPARATOR" 0 3 4, +C4<00000000000000000000000000011000>;
P_0xc84c40140 .param/l "TAG_DECODER" 0 3 5, +C4<00000000000000000000000000011010>;
v0xc84c5d040_0 .net "alloc_fill", 0 0, v0xc84c5c500_0;  1 drivers
v0xc84c5d0e0_0 .var "clk", 0 0;
v0xc84c5d180_0 .net "data_we", 0 0, v0xc84c5c640_0;  1 drivers
v0xc84c5d220_0 .var "dirty", 0 0;
v0xc84c5d2c0_0 .var "hit", 0 0;
v0xc84c5d360_0 .var "mem_ready", 0 0;
v0xc84c5d400_0 .net "mem_req", 0 0, v0xc84c5c8c0_0;  1 drivers
v0xc84c5d4a0_0 .net "mem_we", 0 0, v0xc84c5c960_0;  1 drivers
v0xc84c5d540_0 .var "req", 0 0;
v0xc84c5d5e0_0 .var "req_tag", 23 0;
v0xc84c5d680_0 .var "rst", 0 0;
v0xc84c5d720_0 .net "stall", 0 0, v0xc84c5cc80_0;  1 drivers
v0xc84c5d7c0_0 .net "tag_wdata", 25 0, v0xc84c5cdc0_0;  1 drivers
v0xc84c5d860_0 .net "tag_we", 0 0, v0xc84c5ce60_0;  1 drivers
v0xc84c5d900_0 .var "valid", 0 0;
v0xc84c5d9a0_0 .var "we", 0 0;
E_0xc84c38c80 .event negedge, v0xc84c5c5a0_0;
S_0x104d3aa40 .scope task, "check_outputs" "check_outputs" 3 20, 3 20 0, S_0x104d41b20;
 .timescale -9 -12;
v0xc84c5c000_0 .var "exp_alloc_fill", 0 0;
v0xc84c5c0a0_0 .var "exp_data_we", 0 0;
v0xc84c5c140_0 .var "exp_mem_req", 0 0;
v0xc84c5c1e0_0 .var "exp_mem_we", 0 0;
v0xc84c5c280_0 .var "exp_stall", 0 0;
v0xc84c5c320_0 .var "exp_tag_we", 0 0;
v0xc84c5c460_0 .var/str "test_name";
TD_cache_controller_tb.check_outputs ;
    %load/vec4 v0xc84c5d860_0;
    %load/vec4 v0xc84c5c320_0;
    %cmp/e;
    %flag_get/vec4 6;
    %jmp/0 T_0.6, 6;
    %load/vec4 v0xc84c5d040_0;
    %load/vec4 v0xc84c5c000_0;
    %cmp/e;
    %flag_get/vec4 6;
    %and;
T_0.6;
    %flag_set/vec4 12;
    %flag_get/vec4 12;
    %jmp/0 T_0.5, 12;
    %load/vec4 v0xc84c5d180_0;
    %load/vec4 v0xc84c5c0a0_0;
    %cmp/e;
    %flag_get/vec4 6;
    %and;
T_0.5;
    %flag_set/vec4 11;
    %flag_get/vec4 11;
    %jmp/0 T_0.4, 11;
    %load/vec4 v0xc84c5d400_0;
    %load/vec4 v0xc84c5c140_0;
    %cmp/e;
    %flag_get/vec4 6;
    %and;
T_0.4;
    %flag_set/vec4 10;
    %flag_get/vec4 10;
    %jmp/0 T_0.3, 10;
    %load/vec4 v0xc84c5d4a0_0;
    %load/vec4 v0xc84c5c1e0_0;
    %cmp/e;
    %flag_get/vec4 6;
    %and;
T_0.3;
    %flag_set/vec4 9;
    %flag_get/vec4 9;
    %jmp/0 T_0.2, 9;
    %load/vec4 v0xc84c5d720_0;
    %load/vec4 v0xc84c5c280_0;
    %cmp/e;
    %flag_get/vec4 6;
    %and;
T_0.2;
    %flag_set/vec4 8;
    %jmp/0xz  T_0.0, 8;
    %vpi_call/w 3 29 "$display", "[PASSED]: %s", v0xc84c5c460_0 {0 0 0};
    %jmp T_0.1;
T_0.0 ;
    %vpi_call/w 3 31 "$display", "[FAILED]: %s", v0xc84c5c460_0 {0 0 0};
    %vpi_call/w 3 32 "$display", "Expected: tag_we=%b, alloc_fill=%b, data_we=%b, mem_req=%b, mem_we=%b, stall=%b", v0xc84c5c320_0, v0xc84c5c000_0, v0xc84c5c0a0_0, v0xc84c5c140_0, v0xc84c5c1e0_0, v0xc84c5c280_0 {0 0 0};
    %vpi_call/w 3 34 "$display", "Got: tag_we=%b, alloc_fill=%b, data_we=%b, mem_req=%b, mem_we=%b, stall=%b", v0xc84c5d860_0, v0xc84c5d040_0, v0xc84c5d180_0, v0xc84c5d400_0, v0xc84c5d4a0_0, v0xc84c5d720_0 {0 0 0};
T_0.1 ;
    %end;
S_0x104d3abc0 .scope module, "dut" "cache_controller" 3 16, 4 1 0, S_0x104d41b20;
 .timescale 0 0;
    .port_info 0 /INPUT 1 "clk";
    .port_info 1 /INPUT 1 "rst";
    .port_info 2 /INPUT 1 "req";
    .port_info 3 /INPUT 1 "we";
    .port_info 4 /INPUT 1 "hit";
    .port_info 5 /INPUT 1 "dirty";
    .port_info 6 /INPUT 1 "valid";
    .port_info 7 /INPUT 1 "mem_ready";
    .port_info 8 /INPUT 24 "req_tag";
    .port_info 9 /OUTPUT 1 "tag_we";
    .port_info 10 /OUTPUT 1 "alloc_fill";
    .port_info 11 /OUTPUT 1 "data_we";
    .port_info 12 /OUTPUT 1 "mem_req";
    .port_info 13 /OUTPUT 1 "mem_we";
    .port_info 14 /OUTPUT 1 "stall";
    .port_info 15 /OUTPUT 26 "tag_wdata";
P_0xc84c40200 .param/l "TAG_COMPARATOR" 0 4 1, +C4<00000000000000000000000000011000>;
P_0xc84c40240 .param/l "TAG_DECODER" 0 4 1, +C4<00000000000000000000000000011010>;
enum0xc84c40080 .enum4 (2)
   "IDLE" 2'b00,
   "WRITEBACK" 2'b01,
   "ALLOCATE" 2'b10
 ;
v0xc84c5c500_0 .var "alloc_fill", 0 0;
v0xc84c5c5a0_0 .net "clk", 0 0, v0xc84c5d0e0_0;  1 drivers
v0xc84c5c640_0 .var "data_we", 0 0;
v0xc84c5c6e0_0 .net "dirty", 0 0, v0xc84c5d220_0;  1 drivers
v0xc84c5c780_0 .net "hit", 0 0, v0xc84c5d2c0_0;  1 drivers
v0xc84c5c820_0 .net "mem_ready", 0 0, v0xc84c5d360_0;  1 drivers
v0xc84c5c8c0_0 .var "mem_req", 0 0;
v0xc84c5c960_0 .var "mem_we", 0 0;
v0xc84c5ca00_0 .var "next_state", 1 0;
v0xc84c5caa0_0 .net "req", 0 0, v0xc84c5d540_0;  1 drivers
v0xc84c5cb40_0 .net "req_tag", 23 0, v0xc84c5d5e0_0;  1 drivers
v0xc84c5cbe0_0 .net "rst", 0 0, v0xc84c5d680_0;  1 drivers
v0xc84c5cc80_0 .var "stall", 0 0;
v0xc84c5cd20_0 .var "state", 1 0;
v0xc84c5cdc0_0 .var "tag_wdata", 25 0;
v0xc84c5ce60_0 .var "tag_we", 0 0;
v0xc84c5cf00_0 .net "valid", 0 0, v0xc84c5d900_0;  1 drivers
v0xc84c5cfa0_0 .net "we", 0 0, v0xc84c5d9a0_0;  1 drivers
E_0xc84c38d00/0 .event anyedge, v0xc84c5cd20_0, v0xc84c5caa0_0, v0xc84c5c780_0, v0xc84c5cfa0_0;
E_0xc84c38d00/1 .event anyedge, v0xc84c5cb40_0, v0xc84c5cf00_0, v0xc84c5c6e0_0, v0xc84c5c820_0;
E_0xc84c38d00 .event/or E_0xc84c38d00/0, E_0xc84c38d00/1;
E_0xc84c38d40 .event posedge, v0xc84c5c5a0_0;
    .scope S_0x104d3abc0;
T_1 ;
    %wait E_0xc84c38d40;
    %load/vec4 v0xc84c5cbe0_0;
    %flag_set/vec4 8;
    %jmp/0xz  T_1.0, 8;
    %pushi/vec4 0, 0, 2;
    %assign/vec4 v0xc84c5cd20_0, 0;
    %jmp T_1.1;
T_1.0 ;
    %load/vec4 v0xc84c5ca00_0;
    %assign/vec4 v0xc84c5cd20_0, 0;
T_1.1 ;
    %jmp T_1;
    .thread T_1;
    .scope S_0x104d3abc0;
T_2 ;
Ewait_0 .event/or E_0xc84c38d00, E_0x0;
    %wait Ewait_0;
    %pushi/vec4 0, 0, 1;
    %store/vec4 v0xc84c5ce60_0, 0, 1;
    %pushi/vec4 0, 0, 26;
    %store/vec4 v0xc84c5cdc0_0, 0, 26;
    %pushi/vec4 0, 0, 1;
    %store/vec4 v0xc84c5c500_0, 0, 1;
    %pushi/vec4 0, 0, 1;
    %store/vec4 v0xc84c5c640_0, 0, 1;
    %pushi/vec4 0, 0, 1;
    %store/vec4 v0xc84c5c8c0_0, 0, 1;
    %pushi/vec4 0, 0, 1;
    %store/vec4 v0xc84c5c960_0, 0, 1;
    %pushi/vec4 0, 0, 1;
    %store/vec4 v0xc84c5cc80_0, 0, 1;
    %load/vec4 v0xc84c5cd20_0;
    %store/vec4 v0xc84c5ca00_0, 0, 2;
    %load/vec4 v0xc84c5cd20_0;
    %dup/vec4;
    %pushi/vec4 0, 0, 2;
    %cmp/u;
    %jmp/1 T_2.0, 6;
    %dup/vec4;
    %pushi/vec4 1, 0, 2;
    %cmp/u;
    %jmp/1 T_2.1, 6;
    %dup/vec4;
    %pushi/vec4 2, 0, 2;
    %cmp/u;
    %jmp/1 T_2.2, 6;
    %pushi/vec4 0, 0, 2;
    %store/vec4 v0xc84c5ca00_0, 0, 2;
    %jmp T_2.4;
T_2.0 ;
    %load/vec4 v0xc84c5caa0_0;
    %flag_set/vec4 8;
    %jmp/0xz  T_2.5, 8;
    %load/vec4 v0xc84c5c780_0;
    %flag_set/vec4 8;
    %jmp/0xz  T_2.7, 8;
    %pushi/vec4 0, 0, 1;
    %store/vec4 v0xc84c5cc80_0, 0, 1;
    %load/vec4 v0xc84c5cfa0_0;
    %flag_set/vec4 8;
    %jmp/0xz  T_2.9, 8;
    %pushi/vec4 1, 0, 1;
    %store/vec4 v0xc84c5ce60_0, 0, 1;
    %pushi/vec4 1, 0, 1;
    %concati/vec4 1, 0, 1;
    %load/vec4 v0xc84c5cb40_0;
    %concat/vec4; draw_concat_vec4
    %store/vec4 v0xc84c5cdc0_0, 0, 26;
    %pushi/vec4 1, 0, 1;
    %store/vec4 v0xc84c5c640_0, 0, 1;
    %pushi/vec4 0, 0, 1;
    %store/vec4 v0xc84c5c500_0, 0, 1;
T_2.9 ;
    %jmp T_2.8;
T_2.7 ;
    %pushi/vec4 1, 0, 1;
    %store/vec4 v0xc84c5cc80_0, 0, 1;
    %load/vec4 v0xc84c5cf00_0;
    %flag_set/vec4 9;
    %flag_get/vec4 9;
    %jmp/0 T_2.13, 9;
    %load/vec4 v0xc84c5c6e0_0;
    %and;
T_2.13;
    %flag_set/vec4 8;
    %jmp/0xz  T_2.11, 8;
    %pushi/vec4 1, 0, 2;
    %store/vec4 v0xc84c5ca00_0, 0, 2;
    %jmp T_2.12;
T_2.11 ;
    %pushi/vec4 2, 0, 2;
    %store/vec4 v0xc84c5ca00_0, 0, 2;
T_2.12 ;
T_2.8 ;
T_2.5 ;
    %jmp T_2.4;
T_2.1 ;
    %pushi/vec4 1, 0, 1;
    %store/vec4 v0xc84c5cc80_0, 0, 1;
    %pushi/vec4 1, 0, 1;
    %store/vec4 v0xc84c5c8c0_0, 0, 1;
    %pushi/vec4 1, 0, 1;
    %store/vec4 v0xc84c5c960_0, 0, 1;
    %load/vec4 v0xc84c5c820_0;
    %flag_set/vec4 8;
    %jmp/0xz  T_2.14, 8;
    %pushi/vec4 2, 0, 2;
    %store/vec4 v0xc84c5ca00_0, 0, 2;
T_2.14 ;
    %jmp T_2.4;
T_2.2 ;
    %pushi/vec4 1, 0, 1;
    %store/vec4 v0xc84c5cc80_0, 0, 1;
    %pushi/vec4 1, 0, 1;
    %store/vec4 v0xc84c5c8c0_0, 0, 1;
    %pushi/vec4 0, 0, 1;
    %store/vec4 v0xc84c5c960_0, 0, 1;
    %load/vec4 v0xc84c5c820_0;
    %flag_set/vec4 8;
    %jmp/0xz  T_2.16, 8;
    %pushi/vec4 1, 0, 1;
    %store/vec4 v0xc84c5c640_0, 0, 1;
    %pushi/vec4 1, 0, 1;
    %store/vec4 v0xc84c5c500_0, 0, 1;
    %pushi/vec4 1, 0, 1;
    %store/vec4 v0xc84c5ce60_0, 0, 1;
    %pushi/vec4 0, 0, 1;
    %concati/vec4 1, 0, 1;
    %load/vec4 v0xc84c5cb40_0;
    %concat/vec4; draw_concat_vec4
    %store/vec4 v0xc84c5cdc0_0, 0, 26;
    %pushi/vec4 0, 0, 2;
    %store/vec4 v0xc84c5ca00_0, 0, 2;
T_2.16 ;
    %jmp T_2.4;
T_2.4 ;
    %pop/vec4 1;
    %jmp T_2;
    .thread T_2, $push;
    .scope S_0x104d41b20;
T_3 ;
    %delay 5000, 0;
    %load/vec4 v0xc84c5d0e0_0;
    %inv;
    %store/vec4 v0xc84c5d0e0_0, 0, 1;
    %jmp T_3;
    .thread T_3;
    .scope S_0x104d41b20;
T_4 ;
    %pushi/vec4 0, 0, 1;
    %store/vec4 v0xc84c5d0e0_0, 0, 1;
    %pushi/vec4 1, 0, 1;
    %store/vec4 v0xc84c5d680_0, 0, 1;
    %pushi/vec4 0, 0, 1;
    %store/vec4 v0xc84c5d540_0, 0, 1;
    %pushi/vec4 0, 0, 1;
    %store/vec4 v0xc84c5d9a0_0, 0, 1;
    %pushi/vec4 0, 0, 1;
    %store/vec4 v0xc84c5d2c0_0, 0, 1;
    %pushi/vec4 0, 0, 1;
    %store/vec4 v0xc84c5d220_0, 0, 1;
    %pushi/vec4 0, 0, 1;
    %store/vec4 v0xc84c5d900_0, 0, 1;
    %pushi/vec4 0, 0, 1;
    %store/vec4 v0xc84c5d360_0, 0, 1;
    %pushi/vec4 11189196, 0, 24;
    %store/vec4 v0xc84c5d5e0_0, 0, 24;
    %delay 15000, 0;
    %pushi/vec4 0, 0, 1;
    %store/vec4 v0xc84c5d680_0, 0, 1;
    %wait E_0xc84c38c80;
    %pushi/vec4 0, 0, 1;
    %store/vec4 v0xc84c5d540_0, 0, 1;
    %delay 1000, 0;
    %pushi/vec4 0, 0, 1;
    %store/vec4 v0xc84c5c320_0, 0, 1;
    %pushi/vec4 0, 0, 1;
    %store/vec4 v0xc84c5c000_0, 0, 1;
    %pushi/vec4 0, 0, 1;
    %store/vec4 v0xc84c5c0a0_0, 0, 1;
    %pushi/vec4 0, 0, 1;
    %store/vec4 v0xc84c5c140_0, 0, 1;
    %pushi/vec4 0, 0, 1;
    %store/vec4 v0xc84c5c1e0_0, 0, 1;
    %pushi/vec4 0, 0, 1;
    %store/vec4 v0xc84c5c280_0, 0, 1;
    %pushi/str "Test 1: IDLE (No Req) - All signals 0";
    %store/str v0xc84c5c460_0;
    %fork TD_cache_controller_tb.check_outputs, S_0x104d3aa40;
    %join;
    %wait E_0xc84c38c80;
    %pushi/vec4 1, 0, 1;
    %store/vec4 v0xc84c5d540_0, 0, 1;
    %pushi/vec4 0, 0, 1;
    %store/vec4 v0xc84c5d9a0_0, 0, 1;
    %pushi/vec4 0, 0, 1;
    %store/vec4 v0xc84c5d9a0_0, 0, 1;
    %pushi/vec4 1, 0, 1;
    %store/vec4 v0xc84c5d2c0_0, 0, 1;
    %delay 1000, 0;
    %pushi/vec4 0, 0, 1;
    %store/vec4 v0xc84c5c320_0, 0, 1;
    %pushi/vec4 0, 0, 1;
    %store/vec4 v0xc84c5c000_0, 0, 1;
    %pushi/vec4 0, 0, 1;
    %store/vec4 v0xc84c5c0a0_0, 0, 1;
    %pushi/vec4 0, 0, 1;
    %store/vec4 v0xc84c5c140_0, 0, 1;
    %pushi/vec4 0, 0, 1;
    %store/vec4 v0xc84c5c1e0_0, 0, 1;
    %pushi/vec4 0, 0, 1;
    %store/vec4 v0xc84c5c280_0, 0, 1;
    %pushi/str "Test 2: Read Hit - No stall, no writes";
    %store/str v0xc84c5c460_0;
    %fork TD_cache_controller_tb.check_outputs, S_0x104d3aa40;
    %join;
    %wait E_0xc84c38c80;
    %pushi/vec4 1, 0, 1;
    %store/vec4 v0xc84c5d540_0, 0, 1;
    %pushi/vec4 0, 0, 1;
    %store/vec4 v0xc84c5d9a0_0, 0, 1;
    %pushi/vec4 1, 0, 1;
    %store/vec4 v0xc84c5d9a0_0, 0, 1;
    %pushi/vec4 1, 0, 1;
    %store/vec4 v0xc84c5d2c0_0, 0, 1;
    %delay 1000, 0;
    %pushi/vec4 1, 0, 1;
    %store/vec4 v0xc84c5c320_0, 0, 1;
    %pushi/vec4 0, 0, 1;
    %store/vec4 v0xc84c5c000_0, 0, 1;
    %pushi/vec4 1, 0, 1;
    %store/vec4 v0xc84c5c0a0_0, 0, 1;
    %pushi/vec4 0, 0, 1;
    %store/vec4 v0xc84c5c140_0, 0, 1;
    %pushi/vec4 0, 0, 1;
    %store/vec4 v0xc84c5c1e0_0, 0, 1;
    %pushi/vec4 0, 0, 1;
    %store/vec4 v0xc84c5c280_0, 0, 1;
    %pushi/str "Test 3: Write Hit - tag_we=1, data_we=1, stall=0";
    %store/str v0xc84c5c460_0;
    %fork TD_cache_controller_tb.check_outputs, S_0x104d3aa40;
    %join;
    %load/vec4 v0xc84c5d7c0_0;
    %cmpi/e 61520844, 0, 26;
    %jmp/0xz  T_4.0, 6;
    %vpi_call/w 3 73 "$display", "[PASSED]: Test 3b - Tag wdata correctly formatted for write hit" {0 0 0};
    %jmp T_4.1;
T_4.0 ;
    %vpi_call/w 3 75 "$display", "[FAILED]: Test 3b - Tag wdata formatting failed" {0 0 0};
T_4.1 ;
    %wait E_0xc84c38c80;
    %pushi/vec4 1, 0, 1;
    %store/vec4 v0xc84c5d540_0, 0, 1;
    %pushi/vec4 0, 0, 1;
    %store/vec4 v0xc84c5d9a0_0, 0, 1;
    %pushi/vec4 0, 0, 1;
    %store/vec4 v0xc84c5d2c0_0, 0, 1;
    %pushi/vec4 0, 0, 1;
    %store/vec4 v0xc84c5d900_0, 0, 1;
    %pushi/vec4 0, 0, 1;
    %store/vec4 v0xc84c5d220_0, 0, 1;
    %delay 1000, 0;
    %pushi/vec4 0, 0, 1;
    %store/vec4 v0xc84c5c320_0, 0, 1;
    %pushi/vec4 0, 0, 1;
    %store/vec4 v0xc84c5c000_0, 0, 1;
    %pushi/vec4 0, 0, 1;
    %store/vec4 v0xc84c5c0a0_0, 0, 1;
    %pushi/vec4 0, 0, 1;
    %store/vec4 v0xc84c5c140_0, 0, 1;
    %pushi/vec4 0, 0, 1;
    %store/vec4 v0xc84c5c1e0_0, 0, 1;
    %pushi/vec4 1, 0, 1;
    %store/vec4 v0xc84c5c280_0, 0, 1;
    %pushi/str "Test 4a: Clean Miss Detected - Stall asserted";
    %store/str v0xc84c5c460_0;
    %fork TD_cache_controller_tb.check_outputs, S_0x104d3aa40;
    %join;
    %wait E_0xc84c38c80;
    %delay 1000, 0;
    %pushi/vec4 0, 0, 1;
    %store/vec4 v0xc84c5c320_0, 0, 1;
    %pushi/vec4 0, 0, 1;
    %store/vec4 v0xc84c5c000_0, 0, 1;
    %pushi/vec4 0, 0, 1;
    %store/vec4 v0xc84c5c0a0_0, 0, 1;
    %pushi/vec4 1, 0, 1;
    %store/vec4 v0xc84c5c140_0, 0, 1;
    %pushi/vec4 0, 0, 1;
    %store/vec4 v0xc84c5c1e0_0, 0, 1;
    %pushi/vec4 1, 0, 1;
    %store/vec4 v0xc84c5c280_0, 0, 1;
    %pushi/str "Test 4b: ALLOCATE State - mem_req=1, mem_we=0, stall=1";
    %store/str v0xc84c5c460_0;
    %fork TD_cache_controller_tb.check_outputs, S_0x104d3aa40;
    %join;
    %wait E_0xc84c38c80;
    %pushi/vec4 1, 0, 1;
    %store/vec4 v0xc84c5d360_0, 0, 1;
    %delay 1000, 0;
    %pushi/vec4 1, 0, 1;
    %store/vec4 v0xc84c5c320_0, 0, 1;
    %pushi/vec4 1, 0, 1;
    %store/vec4 v0xc84c5c000_0, 0, 1;
    %pushi/vec4 1, 0, 1;
    %store/vec4 v0xc84c5c0a0_0, 0, 1;
    %pushi/vec4 1, 0, 1;
    %store/vec4 v0xc84c5c140_0, 0, 1;
    %pushi/vec4 0, 0, 1;
    %store/vec4 v0xc84c5c1e0_0, 0, 1;
    %pushi/vec4 1, 0, 1;
    %store/vec4 v0xc84c5c280_0, 0, 1;
    %pushi/str "Test 4c: ALLOCATE Finished - Arrays Written (tag_we=1, data_we=1, alloc=1)";
    %store/str v0xc84c5c460_0;
    %fork TD_cache_controller_tb.check_outputs, S_0x104d3aa40;
    %join;
    %load/vec4 v0xc84c5d7c0_0;
    %cmpi/e 27966412, 0, 26;
    %jmp/0xz  T_4.2, 6;
    %vpi_call/w 3 96 "$display", "[PASSED]: Test 4d - Tag wdata correctly formatted for mem fill" {0 0 0};
    %jmp T_4.3;
T_4.2 ;
    %vpi_call/w 3 98 "$display", "[FAILED]: Test 4d - Tag wdata formatting failed" {0 0 0};
T_4.3 ;
    %wait E_0xc84c38c80;
    %pushi/vec4 0, 0, 1;
    %store/vec4 v0xc84c5d360_0, 0, 1;
    %pushi/vec4 1, 0, 1;
    %store/vec4 v0xc84c5d2c0_0, 0, 1;
    %delay 1000, 0;
    %pushi/vec4 0, 0, 1;
    %store/vec4 v0xc84c5c320_0, 0, 1;
    %pushi/vec4 0, 0, 1;
    %store/vec4 v0xc84c5c000_0, 0, 1;
    %pushi/vec4 0, 0, 1;
    %store/vec4 v0xc84c5c0a0_0, 0, 1;
    %pushi/vec4 0, 0, 1;
    %store/vec4 v0xc84c5c140_0, 0, 1;
    %pushi/vec4 0, 0, 1;
    %store/vec4 v0xc84c5c1e0_0, 0, 1;
    %pushi/vec4 0, 0, 1;
    %store/vec4 v0xc84c5c280_0, 0, 1;
    %pushi/str "Test 4e: Retry Read Hit - CPU resumes";
    %store/str v0xc84c5c460_0;
    %fork TD_cache_controller_tb.check_outputs, S_0x104d3aa40;
    %join;
    %wait E_0xc84c38c80;
    %pushi/vec4 1, 0, 1;
    %store/vec4 v0xc84c5d540_0, 0, 1;
    %pushi/vec4 0, 0, 1;
    %store/vec4 v0xc84c5d9a0_0, 0, 1;
    %pushi/vec4 0, 0, 1;
    %store/vec4 v0xc84c5d2c0_0, 0, 1;
    %pushi/vec4 1, 0, 1;
    %store/vec4 v0xc84c5d900_0, 0, 1;
    %pushi/vec4 1, 0, 1;
    %store/vec4 v0xc84c5d220_0, 0, 1;
    %delay 1000, 0;
    %pushi/vec4 0, 0, 1;
    %store/vec4 v0xc84c5c320_0, 0, 1;
    %pushi/vec4 0, 0, 1;
    %store/vec4 v0xc84c5c000_0, 0, 1;
    %pushi/vec4 0, 0, 1;
    %store/vec4 v0xc84c5c0a0_0, 0, 1;
    %pushi/vec4 0, 0, 1;
    %store/vec4 v0xc84c5c140_0, 0, 1;
    %pushi/vec4 0, 0, 1;
    %store/vec4 v0xc84c5c1e0_0, 0, 1;
    %pushi/vec4 1, 0, 1;
    %store/vec4 v0xc84c5c280_0, 0, 1;
    %pushi/str "Test 5a: Dirty Miss Detected - Stall asserted";
    %store/str v0xc84c5c460_0;
    %fork TD_cache_controller_tb.check_outputs, S_0x104d3aa40;
    %join;
    %wait E_0xc84c38c80;
    %delay 1000, 0;
    %pushi/vec4 0, 0, 1;
    %store/vec4 v0xc84c5c320_0, 0, 1;
    %pushi/vec4 0, 0, 1;
    %store/vec4 v0xc84c5c000_0, 0, 1;
    %pushi/vec4 0, 0, 1;
    %store/vec4 v0xc84c5c0a0_0, 0, 1;
    %pushi/vec4 1, 0, 1;
    %store/vec4 v0xc84c5c140_0, 0, 1;
    %pushi/vec4 1, 0, 1;
    %store/vec4 v0xc84c5c1e0_0, 0, 1;
    %pushi/vec4 1, 0, 1;
    %store/vec4 v0xc84c5c280_0, 0, 1;
    %pushi/str "Test 5b: WRITEBACK state - mem_req=1, mem_we=1 (EVICT)";
    %store/str v0xc84c5c460_0;
    %fork TD_cache_controller_tb.check_outputs, S_0x104d3aa40;
    %join;
    %wait E_0xc84c38c80;
    %pushi/vec4 1, 0, 1;
    %store/vec4 v0xc84c5d360_0, 0, 1;
    %wait E_0xc84c38c80;
    %pushi/vec4 0, 0, 1;
    %store/vec4 v0xc84c5d360_0, 0, 1;
    %delay 1000, 0;
    %pushi/vec4 0, 0, 1;
    %store/vec4 v0xc84c5c320_0, 0, 1;
    %pushi/vec4 0, 0, 1;
    %store/vec4 v0xc84c5c000_0, 0, 1;
    %pushi/vec4 0, 0, 1;
    %store/vec4 v0xc84c5c0a0_0, 0, 1;
    %pushi/vec4 1, 0, 1;
    %store/vec4 v0xc84c5c140_0, 0, 1;
    %pushi/vec4 0, 0, 1;
    %store/vec4 v0xc84c5c1e0_0, 0, 1;
    %pushi/vec4 1, 0, 1;
    %store/vec4 v0xc84c5c280_0, 0, 1;
    %pushi/str "Test 5c: ALLOCATE state - fetching new block";
    %store/str v0xc84c5c460_0;
    %fork TD_cache_controller_tb.check_outputs, S_0x104d3aa40;
    %join;
    %wait E_0xc84c38c80;
    %pushi/vec4 1, 0, 1;
    %store/vec4 v0xc84c5d360_0, 0, 1;
    %delay 1000, 0;
    %pushi/vec4 1, 0, 1;
    %store/vec4 v0xc84c5c320_0, 0, 1;
    %pushi/vec4 1, 0, 1;
    %store/vec4 v0xc84c5c000_0, 0, 1;
    %pushi/vec4 1, 0, 1;
    %store/vec4 v0xc84c5c0a0_0, 0, 1;
    %pushi/vec4 1, 0, 1;
    %store/vec4 v0xc84c5c140_0, 0, 1;
    %pushi/vec4 0, 0, 1;
    %store/vec4 v0xc84c5c1e0_0, 0, 1;
    %pushi/vec4 1, 0, 1;
    %store/vec4 v0xc84c5c280_0, 0, 1;
    %pushi/str "Test 5d: ALLOCATE Finished - Data written to cache";
    %store/str v0xc84c5c460_0;
    %fork TD_cache_controller_tb.check_outputs, S_0x104d3aa40;
    %join;
    %wait E_0xc84c38c80;
    %pushi/vec4 0, 0, 1;
    %store/vec4 v0xc84c5d360_0, 0, 1;
    %pushi/vec4 1, 0, 1;
    %store/vec4 v0xc84c5d2c0_0, 0, 1;
    %delay 1000, 0;
    %pushi/vec4 0, 0, 1;
    %store/vec4 v0xc84c5c320_0, 0, 1;
    %pushi/vec4 0, 0, 1;
    %store/vec4 v0xc84c5c000_0, 0, 1;
    %pushi/vec4 0, 0, 1;
    %store/vec4 v0xc84c5c0a0_0, 0, 1;
    %pushi/vec4 0, 0, 1;
    %store/vec4 v0xc84c5c140_0, 0, 1;
    %pushi/vec4 0, 0, 1;
    %store/vec4 v0xc84c5c1e0_0, 0, 1;
    %pushi/vec4 0, 0, 1;
    %store/vec4 v0xc84c5c280_0, 0, 1;
    %pushi/str "Test 5e: Retry Hit - CPU resumes";
    %store/str v0xc84c5c460_0;
    %fork TD_cache_controller_tb.check_outputs, S_0x104d3aa40;
    %join;
    %vpi_call/w 3 138 "$display", "cache_controller Testbench Completed." {0 0 0};
    %vpi_call/w 3 139 "$finish" {0 0 0};
    %end;
    .thread T_4;
# The file index is used to find the file name in the following table.
:file_names 5;
    "N/A";
    "<interactive>";
    "-";
    "tb/cache_controller_tb.sv";
    "src/cache_controller.sv";
